// Jest Snapshot v1, https://goo.gl/fbAQLP

exports[`NetworkFee renders a NetworkFee in a loading state 1`] = `
<View
  style={
    Array [
      Object {
        "alignItems": "center",
        "display": "flex",
        "flexDirection": "row",
        "justifyContent": "space-between",
        "paddingHorizontal": 12,
        "paddingVertical": 12,
      },
    ]
  }
>
  <Text
    allowFontScaling={true}
    maxFontSizeMultiplier={1.4}
    style={
      Array [
        Object {
          "color": "#0E1524",
          "display": "flex",
          "fontFamily": "Inter-Medium",
          "fontSize": 15,
          "lineHeight": 20,
        },
      ]
    }
  >
    Network fee
  </Text>
  <View
    style={
      Array [
        Object {
          "display": "flex",
          "flexGrow": 0,
          "flexShrink": 0,
          "height": 16,
          "width": 16,
        },
      ]
    }
  />
  <View
    style={
      Array [
        Object {
          "alignIte