// Jest Snapshot v1, https://goo.gl/fbAQLP

exports[`SearchPopularTokens renders without error 1`] = `
<View
  style={
    Array [
      Object {
        "display": "flex",
        "padding": 8,
      },
    ]
  }
>
  <View
    onLayout={[Function]}
  >
    <View
      style={
        Array [
          Object {
            "alignItems": "stretch",
            "display": "flex",
            "flexDirection": "column",
            "flexGrow": 1,
            "justifyContent": "flex-start",
          },
        ]
      }
    >
      <View
        style={
          Array [
            Object {
              "alignItems": "flex-start",
              "display": "flex",
              "flexDirection": "row",
              "justifyContent": "space-between",
              "minHeight": 56,
              "opacity": 1,
              "paddingVertical": 8,
            },
          ]
        }
      >
        <View
          style={
            Array [
              Object {
                "alignItems": "center",
                "display": "flex",
                "flexDirection": "row",
                "flexShrink": 1,
                "justifyContent": "flex-start",
                "overflow": "hidden",
              },
            ]
          }
        >
          <View
            style={
              Array [
                Object {
                  "backgroundColor": "#E8ECFB",
                  "borderRadius": 999999,
                  "display": "flex",
                  "minHeight": 40,
                  "minWidth": 40,
                },
              ]
            }
          />
          <View
            style={
              Array [
                Object {
                  "display": "flex",
                  "flexGrow": 0,
                  "flexShrink": 0,
                  "height": 12,
                  "width": 12,
                },
              ]
            }
          />
          <View
            style={
              Array [
                Object {
                  "alignItems": "flex-start",
                  "display": "flex",
                  "flexDirection": "column",
                  "flexShrink": 1,
                  "justifyContent": "flex-start",
                },
              ]
            }
          >
            <View
              style={
                Array [
                  Object {
                    "alignItems": "center",
                    "display": "flex",
                    "flexDirection": "row",
                  },
                ]
              }
            >
              <View
                style={
                  Array [
                    Object {
                      "alignItems": "center",
                      "display": "flex",
                      "flexDirection": "row",
                      "position": "relative",
                    },
                  ]
                }
              >
                <View
                  accessibilityElementsHidden={true}
                  importantForAccessibility="no-hide-descendants"
                >
                  <Text
                    allowFontScaling={true}
                    maxFontSizeMultiplier={1.4}
                    numberOfLines={1}
                    style={
                      Array [
                        Object {
                          "color": "transparent",
                          "display": "flex",
                          "fontFamily": "Inter-Medium",
                          "fontSize": 17,
                          "lineHeight": 24,
                          "opacity": 0,
                        },
                      ]
                    }
                  >
                    Token Full Name
                  </Text>
                </View>
         